[01/16] rendering fig01_study_design
[02/16] rendering fig02_integrated_score
[03/16] rendering fig03_operational_tradeoffs
[04/16] rendering fig04_training
[05/16] rendering fig05_ablation
[06/16] rendering fig06_generalization_robustness_routes
[07/16] rendering figS01_audit
[08/16] rendering figS02_scenarios
[09/16] rendering figS03_baselines
[10/16] rendering figS04_training_all
[11/16] rendering figS05_score_sensitivity
[12/16] rendering figS06_ablation_maps
[13/16] rendering figS07_robustness_failures
[14/16] rendering figS08_route_atlas
[15/16] rendering figV01_3d_route
[16/16] rendering figV02_outcome_flow
{
  "output": "C:\\Users\\xsp\\Desktop\\DRL代码\\paper_runs\\multimap_v3_2_14\\figures\\composite_figures_restored",
  "figure_count": 16,
  "complete_set": true
}
